CRITICAL - 2026-05-13 19:54:00 --> CodeIgniter\View\Exceptions\ViewException: Invalid file: "mahasiswa_view.php"
[Method: GET, Route: mahasiswa]
in SYSTEMPATH\Exceptions\FrameworkException.php on line 39.
 1 SYSTEMPATH\View\View.php(228): CodeIgniter\Exceptions\FrameworkException::forInvalidFile('mahasiswa_view.php')
 2 SYSTEMPATH\Common.php(1250): CodeIgniter\View\View->render('mahasiswa_view', [], true)
 3 APPPATH\Controllers\mahasiswa.php(11): view('mahasiswa_view')
 4 SYSTEMPATH\CodeIgniter.php(951): App\Controllers\Mahasiswa->index()
 5 SYSTEMPATH\CodeIgniter.php(497): CodeIgniter\CodeIgniter->runController(Object(App\Controllers\Mahasiswa))
 6 SYSTEMPATH\CodeIgniter.php(340): CodeIgniter\CodeIgniter->handleRequest(null, Object(Config\Cache), false)
 7 SYSTEMPATH\Boot.php(417): CodeIgniter\CodeIgniter->run()
 8 SYSTEMPATH\Boot.php(68): CodeIgniter\Boot::runCodeIgniter(Object(CodeIgniter\CodeIgniter))
 9 FCPATH\index.php(59): CodeIgniter\Boot::bootWeb(Object(Config\Paths))
CRITICAL - 2026-05-13 19:54:01 --> CodeIgniter\View\Exceptions\ViewException: Invalid file: "mahasiswa_view.php"
[Method: GET, Route: mahasiswa]
in SYSTEMPATH\Exceptions\FrameworkException.php on line 39.
 1 SYSTEMPATH\View\View.php(228): CodeIgniter\Exceptions\FrameworkException::forInvalidFile('mahasiswa_view.php')
 2 SYSTEMPATH\Common.php(1250): CodeIgniter\View\View->render('mahasiswa_view', [], true)
 3 APPPATH\Controllers\mahasiswa.php(11): view('mahasiswa_view')
 4 SYSTEMPATH\CodeIgniter.php(951): App\Controllers\Mahasiswa->index()
 5 SYSTEMPATH\CodeIgniter.php(497): CodeIgniter\CodeIgniter->runController(Object(App\Controllers\Mahasiswa))
 6 SYSTEMPATH\CodeIgniter.php(340): CodeIgniter\CodeIgniter->handleRequest(null, Object(Config\Cache), false)
 7 SYSTEMPATH\Boot.php(417): CodeIgniter\CodeIgniter->run()
 8 SYSTEMPATH\Boot.php(68): CodeIgniter\Boot::runCodeIgniter(Object(CodeIgniter\CodeIgniter))
 9 FCPATH\index.php(59): CodeIgniter\Boot::bootWeb(Object(Config\Paths))
CRITICAL - 2026-05-13 19:58:06 --> CodeIgniter\View\Exceptions\ViewException: Invalid file: "mahasiswa_view.php"
[Method: GET, Route: mahasiswa]
in SYSTEMPATH\Exceptions\FrameworkException.php on line 39.
 1 SYSTEMPATH\View\View.php(228): CodeIgniter\Exceptions\FrameworkException::forInvalidFile('mahasiswa_view.php')
 2 SYSTEMPATH\Common.php(1250): CodeIgniter\View\View->render('mahasiswa_view', [], true)
 3 APPPATH\Controllers\mahasiswa.php(11): view('mahasiswa_view')
 4 SYSTEMPATH\CodeIgniter.php(951): App\Controllers\Mahasiswa->index()
 5 SYSTEMPATH\CodeIgniter.php(497): CodeIgniter\CodeIgniter->runController(Object(App\Controllers\Mahasiswa))
 6 SYSTEMPATH\CodeIgniter.php(340): CodeIgniter\CodeIgniter->handleRequest(null, Object(Config\Cache), false)
 7 SYSTEMPATH\Boot.php(417): CodeIgniter\CodeIgniter->run()
 8 SYSTEMPATH\Boot.php(68): CodeIgniter\Boot::runCodeIgniter(Object(CodeIgniter\CodeIgniter))
 9 FCPATH\index.php(59): CodeIgniter\Boot::bootWeb(Object(Config\Paths))
